../Src/drive.c:29:6:half_sectionA	32	static
../Src/drive.c:43:6:half_sectionD	32	static
../Src/drive.c:56:6:one_section	40	static
../Src/drive.c:69:6:one_sectionU	32	static
../Src/drive.c:84:6:rotate_R90	32	static
../Src/drive.c:100:6:rotate_L90	32	static
../Src/drive.c:117:6:rotate_180	32	static
../Src/drive.c:134:6:set_position	40	static
../Src/drive.c:165:6:driveA	32	static
../Src/drive.c:187:6:driveD	40	static
../Src/drive.c:217:6:driveU	32	static
../Src/drive.c:238:6:driveC	32	static
../Src/drive.c:263:6:drive_init	8	static
../Src/drive.c:292:6:drive_enable_motor	0	static
../Src/drive.c:303:6:drive_disable_motor	0	static
../Src/drive.c:314:6:drive_reset_t_cnt	0	static
../Src/drive.c:326:6:drive_start	16	static
../Src/drive.c:355:6:drive_stop	16	static
../Src/drive.c:379:6:drive_set_dir	8	static
../Src/drive.c:410:6:test_run	48	static
